// Vitest Snapshot v1, https://vitest.dev/guide/snapshot.html

exports[`Visualizer > Snapshots > should render default visualizer with grid hidden 1`] = `
"<div class="
        flex-1 relative min-h-[200px] sm:min-h-[250px] lg:min-h-[350px] overflow-hidden bg-clip-padding
        border-b-2 border-ink dark:border-dark-border cursor-grab select-none
        
        
      "><svg viewBox="0 0 800 400" class="w-full h-full" preserveAspectRatio="xMidYMid meet" role="img" aria-label="visualizer.empty"></svg><div class="absolute bottom-3 left-3 flex items-center gap-1.5 bg-white/90 dark:bg-slate/90 backdrop-blur-sm border-2 border-ink/20 dark:border-dark-border/40 px-2 py-1 shadow-soft z-10 rounded-sm"><button class="w-9 h-9 sm:w-7 sm:h-7 flex items-center justify-center transition-colors text-xs font-bold border-2
            bg-ink/5 dark:bg-dark-ink/5 border-ink/15 dark:border-dark-border/30 text-ink-light/50 dark:text-dark-ink-light/50 hover:border-ink/30 dark:hover:border-dark-border/50" title="visualizer.showGrid" aria-label="visualizer.showGrid">#</button><button aria-label="visualizer.zoomOut" class="w-7 h-7 flex items-center justify-center text-ink-light dark:text-dark-ink-light hover:bg-ink/10 dark:hover:bg-dark-ink/10 disabled:opacity-30 transition-colors text-sm font-bold touch-manipulation">−</button><span class="font-mono text-xs text-ink-light dark:text-dark-ink-light min-w-[40px] text-center select-none" aria-live="polite">100%</span><button aria-label="visualizer.zoomIn" class="w-7 h-7 flex items-center justify-center text-ink-light dark:text-dark-ink-light hover:bg-ink/10 dark:hover:bg-dark-ink/10 disabled:opacity-30 transition-colors text-sm font-bold touch-manipulation">+</button></div></div>"
`;
